apiVersion: v1
kind: Namespace
metadata:
  annotations: {}
  labels:
    app.kubernetes.io/managed-by: commodore
    app.kubernetes.io/name: registry-cache
    app.kubernetes.io/part-of: syn
  name: syn-registry-cache
